###############################################################################
#                                                                             #
# IAR ELF Linker V6.50.3.4676/W32 for ARM               05/Dec/2015  15:42:29 #
# Copyright 2007-2013 IAR Systems AB.                                         #
#                                                                             #
#    Output file  =  D:\STM_projects\heater\EWARM\heater                      #
#                    Configuration\Exe\heater Configuration.out               #
#    Map file     =  D:\STM_projects\heater\EWARM\heater                      #
#                    Configuration/List\heater Configuration.map              #
#    Command line =  "D:\STM_projects\heater\EWARM\heater                     #
#                    Configuration\Obj\main.o" "D:\STM_projects\heater\EWARM\ #
#                    heater Configuration\Obj\startup_stm32l152xe.o"          #
#                    "D:\STM_projects\heater\EWARM\heater                     #
#                    Configuration\Obj\stm32l1xx_hal.o"                       #
#                    "D:\STM_projects\heater\EWARM\heater                     #
#                    Configuration\Obj\stm32l1xx_hal_cortex.o"                #
#                    "D:\STM_projects\heater\EWARM\heater                     #
#                    Configuration\Obj\stm32l1xx_hal_dma.o"                   #
#                    "D:\STM_projects\heater\EWARM\heater                     #
#                    Configuration\Obj\stm32l1xx_hal_flash.o"                 #
#                    "D:\STM_projects\heater\EWARM\heater                     #
#                    Configuration\Obj\stm32l1xx_hal_flash_ex.o"              #
#                    "D:\STM_projects\heater\EWARM\heater                     #
#                    Configuration\Obj\stm32l1xx_hal_flash_ramfunc.o"         #
#                    "D:\STM_projects\heater\EWARM\heater                     #
#                    Configuration\Obj\stm32l1xx_hal_gpio.o"                  #
#                    "D:\STM_projects\heater\EWARM\heater                     #
#                    Configuration\Obj\stm32l1xx_hal_msp.o"                   #
#                    "D:\STM_projects\heater\EWARM\heater                     #
#                    Configuration\Obj\stm32l1xx_hal_pwr.o"                   #
#                    "D:\STM_projects\heater\EWARM\heater                     #
#                    Configuration\Obj\stm32l1xx_hal_pwr_ex.o"                #
#                    "D:\STM_projects\heater\EWARM\heater                     #
#                    Configuration\Obj\stm32l1xx_hal_rcc.o"                   #
#                    "D:\STM_projects\heater\EWARM\heater                     #
#                    Configuration\Obj\stm32l1xx_hal_rcc_ex.o"                #
#                    "D:\STM_projects\heater\EWARM\heater                     #
#                    Configuration\Obj\stm32l1xx_hal_spi.o"                   #
#                    "D:\STM_projects\heater\EWARM\heater                     #
#                    Configuration\Obj\stm32l1xx_hal_spi_ex.o"                #
#                    "D:\STM_projects\heater\EWARM\heater                     #
#                    Configuration\Obj\stm32l1xx_hal_tim.o"                   #
#                    "D:\STM_projects\heater\EWARM\heater                     #
#                    Configuration\Obj\stm32l1xx_hal_tim_ex.o"                #
#                    "D:\STM_projects\heater\EWARM\heater                     #
#                    Configuration\Obj\stm32l1xx_it.o"                        #
#                    "D:\STM_projects\heater\EWARM\heater                     #
#                    Configuration\Obj\system_stm32l1xx.o"                    #
#                    "D:\STM_projects\heater\EWARM\heater                     #
#                    Configuration\Obj\u8g_arm.o"                             #
#                    "D:\STM_projects\heater\EWARM\heater                     #
#                    Configuration\Obj\u8g_bitmap.o"                          #
#                    "D:\STM_projects\heater\EWARM\heater                     #
#                    Configuration\Obj\u8g_circle.o"                          #
#                    "D:\STM_projects\heater\EWARM\heater                     #
#                    Configuration\Obj\u8g_clip.o"                            #
#                    "D:\STM_projects\heater\EWARM\heater                     #
#                    Configuration\Obj\u8g_com_api.o"                         #
#                    "D:\STM_projects\heater\EWARM\heater                     #
#                    Configuration\Obj\u8g_com_api_16gr.o"                    #
#                    "D:\STM_projects\heater\EWARM\heater                     #
#                    Configuration\Obj\u8g_com_i2c.o"                         #
#                    "D:\STM_projects\heater\EWARM\heater                     #
#                    Configuration\Obj\u8g_com_io.o"                          #
#                    "D:\STM_projects\heater\EWARM\heater                     #
#                    Configuration\Obj\u8g_com_msp430_hw_spi.o"               #
#                    "D:\STM_projects\heater\EWARM\heater                     #
#                    Configuration\Obj\u8g_com_null.o"                        #
#                    "D:\STM_projects\heater\EWARM\heater                     #
#                    Configuration\Obj\u8g_com_raspberrypi_hw_spi.o"          #
#                    "D:\STM_projects\heater\EWARM\heater                     #
#                    Configuration\Obj\u8g_com_raspberrypi_ssd_i2c.o"         #
#                    "D:\STM_projects\heater\EWARM\heater                     #
#                    Configuration\Obj\u8g_com_std_sw_spi.o"                  #
#                    "D:\STM_projects\heater\EWARM\heater                     #
#                    Configuration\Obj\u8g_cursor.o"                          #
#                    "D:\STM_projects\heater\EWARM\heater                     #
#                    Configuration\Obj\u8g_delay.o"                           #
#                    "D:\STM_projects\heater\EWARM\heater                     #
#                    Configuration\Obj\u8g_dev_a2_micro_printer.o"            #
#                    "D:\STM_projects\heater\EWARM\heater                     #
#                    Configuration\Obj\u8g_dev_flipdisc_2x7.o"                #
#                    "D:\STM_projects\heater\EWARM\heater                     #
#                    Configuration\Obj\u8g_dev_gprof.o"                       #
#                    "D:\STM_projects\heater\EWARM\heater                     #
#                    Configuration\Obj\u8g_dev_ht1632.o"                      #
#                    "D:\STM_projects\heater\EWARM\heater                     #
#                    Configuration\Obj\u8g_dev_ili9325d_320x240.o"            #
#                    "D:\STM_projects\heater\EWARM\heater                     #
#                    Configuration\Obj\u8g_dev_ks0108_128x64.o"               #
#                    "D:\STM_projects\heater\EWARM\heater                     #
#                    Configuration\Obj\u8g_dev_lc7981_160x80.o"               #
#                    "D:\STM_projects\heater\EWARM\heater                     #
#                    Configuration\Obj\u8g_dev_lc7981_240x128.o"              #
#                    "D:\STM_projects\heater\EWARM\heater                     #
#                    Configuration\Obj\u8g_dev_lc7981_240x64.o"               #
#                    "D:\STM_projects\heater\EWARM\heater                     #
#                    Configuration\Obj\u8g_dev_lc7981_320x64.o"               #
#                    "D:\STM_projects\heater\EWARM\heater                     #
#                    Configuration\Obj\u8g_dev_ld7032_60x32.o"                #
#                    "D:\STM_projects\heater\EWARM\heater                     #
#                    Configuration\Obj\u8g_dev_null.o"                        #
#                    "D:\STM_projects\heater\EWARM\heater                     #
#                    Configuration\Obj\u8g_dev_pcd8544_84x48.o"               #
#                    "D:\STM_projects\heater\EWARM\heater                     #
#                    Configuration\Obj\u8g_dev_pcf8812_96x65.o"               #
#                    "D:\STM_projects\heater\EWARM\heater                     #
#                    Configuration\Obj\u8g_dev_sbn1661_122x32.o"              #
#                    "D:\STM_projects\heater\EWARM\heater                     #
#                    Configuration\Obj\u8g_dev_ssd1306_128x32.o"              #
#                    "D:\STM_projects\heater\EWARM\heater                     #
#                    Configuration\Obj\u8g_dev_ssd1306_128x64.o"              #
#                    "D:\STM_projects\heater\EWARM\heater                     #
#                    Configuration\Obj\u8g_dev_ssd1306_64x48.o"               #
#                    "D:\STM_projects\heater\EWARM\heater                     #
#                    Configuration\Obj\u8g_dev_ssd1309_128x64.o"              #
#                    "D:\STM_projects\heater\EWARM\heater                     #
#                    Configuration\Obj\u8g_dev_ssd1322_nhd31oled_bw.o"        #
#                    "D:\STM_projects\heater\EWARM\heater                     #
#                    Configuration\Obj\u8g_dev_ssd1322_nhd31oled_gr.o"        #
#                    "D:\STM_projects\heater\EWARM\heater                     #
#                    Configuration\Obj\u8g_dev_ssd1325_nhd27oled_bw.o"        #
#                    "D:\STM_projects\heater\EWARM\heater                     #
#                    Configuration\Obj\u8g_dev_ssd1325_nhd27oled_bw_new.o"    #
#                    "D:\STM_projects\heater\EWARM\heater                     #
#                    Configuration\Obj\u8g_dev_ssd1325_nhd27oled_gr.o"        #
#                    "D:\STM_projects\heater\EWARM\heater                     #
#                    Configuration\Obj\u8g_dev_ssd1325_nhd27oled_gr_new.o"    #
#                    "D:\STM_projects\heater\EWARM\heater                     #
#                    Configuration\Obj\u8g_dev_ssd1327_96x96_gr.o"            #
#                    "D:\STM_projects\heater\EWARM\heater                     #
#                    Configuration\Obj\u8g_dev_ssd1351_128x128.o"             #
#                    "D:\STM_projects\heater\EWARM\heater                     #
#                    Configuration\Obj\u8g_dev_ssd1353_160x128.o"             #
#                    "D:\STM_projects\heater\EWARM\heater                     #
#                    Configuration\Obj\u8g_dev_st7565_64128n.o"               #
#                    "D:\STM_projects\heater\EWARM\heater                     #
#                    Configuration\Obj\u8g_dev_st7565_dogm128.o"              #
#                    "D:\STM_projects\heater\EWARM\heater                     #
#                    Configuration\Obj\u8g_dev_st7565_dogm132.o"              #
#                    "D:\STM_projects\heater\EWARM\heater                     #
#                    Configuration\Obj\u8g_dev_st7565_lm6059.o"               #
#                    "D:\STM_projects\heater\EWARM\heater                     #
#                    Configuration\Obj\u8g_dev_st7565_lm6063.o"               #
#                    "D:\STM_projects\heater\EWARM\heater                     #
#                    Configuration\Obj\u8g_dev_st7565_nhd_c12832.o"           #
#                    "D:\STM_projects\heater\EWARM\heater                     #
#                    Configuration\Obj\u8g_dev_st7565_nhd_c12864.o"           #
#                    "D:\STM_projects\heater\EWARM\heater                     #
#                    Configuration\Obj\u8g_dev_st7687_c144mvgd.o"             #
#                    "D:\STM_projects\heater\EWARM\heater                     #
#                    Configuration\Obj\u8g_dev_st7920_128x64.o"               #
#                    "D:\STM_projects\heater\EWARM\heater                     #
#                    Configuration\Obj\u8g_dev_st7920_192x32.o"               #
#                    "D:\STM_projects\heater\EWARM\heater                     #
#                    Configuration\Obj\u8g_dev_st7920_202x32.o"               #
#                    "D:\STM_projects\heater\EWARM\heater                     #
#                    Configuration\Obj\u8g_dev_t6963_128x128.o"               #
#                    "D:\STM_projects\heater\EWARM\heater                     #
#                    Configuration\Obj\u8g_dev_t6963_128x64.o"                #
#                    "D:\STM_projects\heater\EWARM\heater                     #
#                    Configuration\Obj\u8g_dev_t6963_240x128.o"               #
#                    "D:\STM_projects\heater\EWARM\heater                     #
#                    Configuration\Obj\u8g_dev_t6963_240x64.o"                #
#                    "D:\STM_projects\heater\EWARM\heater                     #
#                    Configuration\Obj\u8g_dev_tls8204_84x48.o"               #
#                    "D:\STM_projects\heater\EWARM\heater                     #
#                    Configuration\Obj\u8g_dev_uc1601_c128032.o"              #
#                    "D:\STM_projects\heater\EWARM\heater                     #
#                    Configuration\Obj\u8g_dev_uc1608_240x128.o"              #
#                    "D:\STM_projects\heater\EWARM\heater                     #
#                    Configuration\Obj\u8g_dev_uc1608_240x64.o"               #
#                    "D:\STM_projects\heater\EWARM\heater                     #
#                    Configuration\Obj\u8g_dev_uc1610_dogxl160.o"             #
#                    "D:\STM_projects\heater\EWARM\heater                     #
#                    Configuration\Obj\u8g_dev_uc1611_dogm240.o"              #
#                    "D:\STM_projects\heater\EWARM\heater                     #
#                    Configuration\Obj\u8g_dev_uc1611_dogxl240.o"             #
#                    "D:\STM_projects\heater\EWARM\heater                     #
#                    Configuration\Obj\u8g_dev_uc1701_dogs102.o"              #
#                    "D:\STM_projects\heater\EWARM\heater                     #
#                    Configuration\Obj\u8g_dev_uc1701_mini12864.o"            #
#                    "D:\STM_projects\heater\EWARM\heater                     #
#                    Configuration\Obj\u8g_ellipse.o"                         #
#                    "D:\STM_projects\heater\EWARM\heater                     #
#                    Configuration\Obj\u8g_font.o"                            #
#                    "D:\STM_projects\heater\EWARM\heater                     #
#                    Configuration\Obj\u8g_font_data.o"                       #
#                    "D:\STM_projects\heater\EWARM\heater                     #
#                    Configuration\Obj\u8g_line.o"                            #
#                    "D:\STM_projects\heater\EWARM\heater                     #
#                    Configuration\Obj\u8g_ll_api.o"                          #
#                    "D:\STM_projects\heater\EWARM\heater                     #
#                    Configuration\Obj\u8g_page.o"                            #
#                    "D:\STM_projects\heater\EWARM\heater                     #
#                    Configuration\Obj\u8g_pb.o"                              #
#                    "D:\STM_projects\heater\EWARM\heater                     #
#                    Configuration\Obj\u8g_pb14v1.o"                          #
#                    "D:\STM_projects\heater\EWARM\heater                     #
#                    Configuration\Obj\u8g_pb16h1.o"                          #
#                    "D:\STM_projects\heater\EWARM\heater                     #
#                    Configuration\Obj\u8g_pb16h2.o"                          #
#                    "D:\STM_projects\heater\EWARM\heater                     #
#                    Configuration\Obj\u8g_pb16v1.o"                          #
#                    "D:\STM_projects\heater\EWARM\heater                     #
#                    Configuration\Obj\u8g_pb16v2.o"                          #
#                    "D:\STM_projects\heater\EWARM\heater                     #
#                    Configuration\Obj\u8g_pb32h1.o"                          #
#                    "D:\STM_projects\heater\EWARM\heater                     #
#                    Configuration\Obj\u8g_pb8h1.o"                           #
#                    "D:\STM_projects\heater\EWARM\heater                     #
#                    Configuration\Obj\u8g_pb8h1f.o"                          #
#                    "D:\STM_projects\heater\EWARM\heater                     #
#                    Configuration\Obj\u8g_pb8h2.o"                           #
#                    "D:\STM_projects\heater\EWARM\heater                     #
#                    Configuration\Obj\u8g_pb8h8.o"                           #
#                    "D:\STM_projects\heater\EWARM\heater                     #
#                    Configuration\Obj\u8g_pb8v1.o"                           #
#                    "D:\STM_projects\heater\EWARM\heater                     #
#                    Configuration\Obj\u8g_pb8v2.o"                           #
#                    "D:\STM_projects\heater\EWARM\heater                     #
#                    Configuration\Obj\u8g_pbxh16.o"                          #
#                    "D:\STM_projects\heater\EWARM\heater                     #
#                    Configuration\Obj\u8g_pbxh24.o"                          #
#                    "D:\STM_projects\heater\EWARM\heater                     #
#                    Configuration\Obj\u8g_polygon.o"                         #
#                    "D:\STM_projects\heater\EWARM\heater                     #
#                    Configuration\Obj\u8g_rect.o"                            #
#                    "D:\STM_projects\heater\EWARM\heater                     #
#                    Configuration\Obj\u8g_rot.o"                             #
#                    "D:\STM_projects\heater\EWARM\heater                     #
#                    Configuration\Obj\u8g_scale.o"                           #
#                    "D:\STM_projects\heater\EWARM\heater                     #
#                    Configuration\Obj\u8g_state.o"                           #
#                    "D:\STM_projects\heater\EWARM\heater                     #
#                    Configuration\Obj\u8g_u16toa.o"                          #
#                    "D:\STM_projects\heater\EWARM\heater                     #
#                    Configuration\Obj\u8g_u8toa.o"                           #
#                    "D:\STM_projects\heater\EWARM\heater                     #
#                    Configuration\Obj\u8g_virtual_screen.o" --redirect       #
#                    _Printf=_PrintfFull --redirect _Scanf=_ScanfFull -o      #
#                    "D:\STM_projects\heater\EWARM\heater                     #
#                    Configuration\Exe\heater Configuration.out" --map        #
#                    "D:\STM_projects\heater\EWARM\heater                     #
#                    Configuration/List\heater Configuration.map" --config    #
#                    D:\STM_projects\heater\EWARM\stm32l152xe_flash.icf       #
#                    --semihosting --entry __iar_program_start --vfe          #
#                                                                             #
#                                                                             #
###############################################################################

*******************************************************************************
*** MESSAGES
***

Error[Li006]: duplicate definitions for "u8g_10MicroDelay"; in
          "D:\STM_projects\heater\EWARM\heater Configuration\Obj\u8g_arm.o",
          and
          "D:\STM_projects\heater\EWARM\heater Configuration\Obj\u8g_delay.o"
Error[Li006]: duplicate definitions for "u8g_Delay"; in
          "D:\STM_projects\heater\EWARM\heater Configuration\Obj\u8g_arm.o",
          and
          "D:\STM_projects\heater\EWARM\heater Configuration\Obj\u8g_delay.o"
Error[Li006]: duplicate definitions for "u8g_MicroDelay"; in
          "D:\STM_projects\heater\EWARM\heater Configuration\Obj\u8g_arm.o",
          and
          "D:\STM_projects\heater\EWARM\heater Configuration\Obj\u8g_delay.o"


*******************************************************************************
*** RUNTIME MODEL ATTRIBUTES
***

CppFlavor                     = *
__Heap_Handler                = Basic
__SystemLibrary               = DLib
__dlib_dynamic_initialization = normal


*******************************************************************************
*** PLACEMENT SUMMARY
***

"A1":  place at 0x08000000 { ro section .intvec };
"P1":  place in [from 0x08000000 to 0x0807ffff] { ro };
"P2":  place in [from 0x20000000 to 0x20013fff] { rw, block CSTACK, block HEAP };

  Section             Kind        Address    Size  Object
  -------             ----        -------    ----  ------
"A1":                                       0x124
  .intvec             ro code  0x08000000   0x124  startup_stm32l152xe.o [1]
                             - 0x08000124   0x124

"P1":                                      0x8520
  .rodata             const    0x08000124  0x1938  u8g_font_data.o [1]
  .text               ro code  0x08001a5c  0x1156  xprintffull.o [3]
  .text               ro code  0x08002bb2    0x20  xmbtowc.o [3]
  .text               ro code  0x08002bd2     0xa  xsprout.o [3]
  .text               ro code  0x08002bdc    0x16  strchr.o [5]
  .text               ro code  0x08002bf2     0x2  u8g_state.o [1]
  .text               ro code  0x08002bf4    0x36  strlen.o [5]
  .text               ro code  0x08002c2c    0x58  memchr.o [5]
  .text               ro code  0x08002c84     0xa  xmbcurmax.o [3]
  .text               ro code  0x08002c90    0xb0  xxmemxmalloc.o [3]
  .text               ro code  0x08002d40    0x1a  xwctomb.o [3]
  .text               ro code  0x08002d5c    0xa6  ABImemcpy.o [5]
  .text               ro code  0x08002e04    0x80  xxmemxfree.o [3]
  .text               ro code  0x08002e84    0xee  I64DivMod.o [5]
  .text               ro code  0x08002f72    0x42  xdnorm.o [4]
  .text               ro code  0x08002fb4    0x2e  DblCmpLe.o [4]
  .text               ro code  0x08002fe4    0x2e  DblCmpGe.o [4]
  .text               ro code  0x08003014   0x110  xdscale.o [4]
  .text               ro code  0x08003124    0x58  DblToI32.o [4]
  .text               ro code  0x0800317c    0x30  I32ToDbl.o [4]
  .text               ro code  0x080031ac   0x180  DblSub.o [4]
  .text               ro code  0x0800332c   0x1a2  DblMul.o [4]
  .text               ro code  0x080034d0   0x256  DblDiv.o [4]
  .text               ro code  0x08003728    0x6c  localeconv.o [3]
  .text               ro code  0x08003794     0xe  div.o [3]
  .text               ro code  0x080037a4    0x14  setlocale.o [3]
  .text               ro code  0x080037b8    0x60  xencoding_sb.o [3]
  .text               ro code  0x08003818    0x2c  xgetmemchunk.o [3]
  .text               ro code  0x08003844     0x2  I64DivZer.o [5]
  .text               ro code  0x08003848    0xd4  DblAdd.o [4]
  .text               ro code  0x0800391c     0x2  xtls.o [3]
  .text               ro code  0x08003920   0xeb8  stm32l1xx_hal_rcc.o [1]
  .text               ro code  0x080047d8    0x6c  stm32l1xx_hal.o [1]
  .text               ro code  0x08004844    0x10  stm32l1xx_hal_pwr_ex.o [1]
  .text               ro code  0x08004854   0x16a  stm32l1xx_hal_cortex.o [1]
  .text               ro code  0x080049c0   0x1e8  stm32l1xx_hal_msp.o [1]
  .text               ro code  0x08004ba8   0x264  stm32l1xx_hal_gpio.o [1]
  .text               ro code  0x08004e0c   0x884  main.o [1]
  .text               ro code  0x08005690    0xe6  FltSub.o [4]
  .text               ro code  0x08005778    0xfc  FltDiv.o [4]
  .text               ro code  0x08005874    0x2e  I32ToFlt.o [4]
  .text               ro code  0x080058a4    0x84  FltAdd.o [4]
  .text               ro code  0x08005928    0x44  FltToS32.o [4]
  .text               ro code  0x0800596c    0xd8  FltMul.o [4]
  .text               ro code  0x08005a44    0x24  FltCmpGe.o [4]
  .text               ro code  0x08005a68   0x35c  u8g_font.o [1]
  .text               ro code  0x08005dc4    0x24  FltToU32.o [4]
  .text               ro code  0x08005de8   0x75a  stm32l1xx_hal_tim.o [1]
  .text               ro code  0x08006544   0x24e  u8g_ll_api.o [1]
  .text               ro code  0x08006794    0x34  sprintf.o [3]
  .text               ro code  0x080067c8    0x4e  FltToDbl.o [4]
  .text               ro code  0x08006816    0x8c  stm32l1xx_hal_spi_ex.o [1]
  .text               ro code  0x080068a2    0x5a  stm32l1xx_hal_tim_ex.o [1]
  .text               ro code  0x080068fc   0x862  stm32l1xx_hal_spi.o [1]
  .text               ro code  0x0800715e    0x9c  u8g_clip.o [1]
  .rodata             const    0x080071fc   0xa00  u8g_font_data.o [1]
  .text               ro code  0x08007bfc   0x1b0  u8g_com_api.o [1]
  .text               ro code  0x08007dac   0x108  u8g_arm.o [1]
  .text               ro code  0x08007eb4   0x16e  u8g_pb8v1.o [1]
  .text               ro code  0x08008022    0xbc  u8g_pb.o [1]
  .text               ro code  0x080080de    0x4c  u8g_page.o [1]
  .text               ro code  0x0800812a    0xd0  packbits_init.o [5]
  .text               ro code  0x080081fa     0x6  abort.o [3]
  .text               ro code  0x08008200    0x14  exit.o [6]
  .text               ro code  0x08008214    0xcc  u8g_dev_ssd1306_128x64.o [1]
  .text               ro code  0x080082e0    0x64  system_stm32l1xx.o [1]
  .text               ro code  0x08008344    0x40  zero_init3.o [5]
  .text               ro code  0x08008384    0x3c  stm32l1xx_it.o [1]
  .text               ro code  0x080083c0    0x2c  u8g_com_null.o [1]
  .rodata             const    0x080083ec    0x28  u8g_dev_ssd1306_128x64.o [1]
  .text               ro code  0x08008414    0x28  data_init.o [5]
  .iar.init_table     const    0x0800843c    0x2c  - Linker created -
  .text               ro code  0x08008468    0x1a  cmain.o [5]
  .text               ro code  0x08008482     0x4  low_level_init.o [3]
  .text               ro code  0x08008486     0x4  exit.o [3]
  .text               ro code  0x0800848c     0xa  cexit.o [5]
  .rodata             const    0x08008498    0x10  stm32l1xx_hal_rcc.o [1]
  .text               ro code  0x080084a8    0x10  startup_stm32l152xe.o [1]
  .rodata             const    0x080084b8     0xc  main.o [1]
  .rodata             const    0x080084c4     0xc  stm32l1xx_hal_rcc.o [1]
  .rodata             const    0x080084d0     0xc  u8g_dev_ssd1306_128x64.o [1]
  .rodata             const    0x080084dc     0xc  u8g_dev_ssd1306_128x64.o [1]
  .text               ro code  0x080084e8     0xc  cstartup_M.o [5]
  .rodata             const    0x080084f4     0x8  main.o [1]
  .rodata             const    0x080084fc     0x8  main.o [1]
  .rodata             const    0x08008504     0x8  main.o [1]
  .rodata             const    0x0800850c     0x8  main.o [1]
  .rodata             const    0x08008514     0x8  u8g_dev_ssd1306_128x64.o [1]
  .rodata             const    0x0800851c     0x4  main.o [1]
  .rodata             const    0x08008520     0x4  main.o [1]
  .rodata             const    0x08008524     0x4  main.o [1]
  .rodata             const    0x08008528     0x4  stm32l1xx_hal_rcc.o [1]
  .text               ro code  0x0800852c     0x4  startup_stm32l152xe.o [1]
  .text               ro code  0x08008530     0x4  startup_stm32l152xe.o [1]
  .text               ro code  0x08008534     0x4  startup_stm32l152xe.o [1]
  .text               ro code  0x08008538     0x4  startup_stm32l152xe.o [1]
  .text               ro code  0x0800853c     0x4  startup_stm32l152xe.o [1]
  .text               ro code  0x08008540     0x4  startup_stm32l152xe.o [1]
  .text               ro code  0x08008544     0x4  startup_stm32l152xe.o [1]
  .text               ro code  0x08008548     0x4  startup_stm32l152xe.o [1]
  .text               ro code  0x0800854c     0x4  startup_stm32l152xe.o [1]
  .text               ro code  0x08008550     0x4  startup_stm32l152xe.o [1]
  .text               ro code  0x08008554     0x4  startup_stm32l152xe.o [1]
  .text               ro code  0x08008558     0x4  startup_stm32l152xe.o [1]
  .text               ro code  0x0800855c     0x4  startup_stm32l152xe.o [1]
  .text               ro code  0x08008560     0x4  startup_stm32l152xe.o [1]
  .text               ro code  0x08008564     0x4  startup_stm32l152xe.o [1]
  .text               ro code  0x08008568     0x4  startup_stm32l152xe.o [1]
  .text               ro code  0x0800856c     0x4  startup_stm32l152xe.o [1]
  .text               ro code  0x08008570     0x4  startup_stm32l152xe.o [1]
  .text               ro code  0x08008574     0x4  startup_stm32l152xe.o [1]
  .text               ro code  0x08008578     0x4  startup_stm32l152xe.o [1]
  .text               ro code  0x0800857c     0x4  startup_stm32l152xe.o [1]
  .text               ro code  0x08008580     0x4  startup_stm32l152xe.o [1]
  .text               ro code  0x08008584     0x4  startup_stm32l152xe.o [1]
  .text               ro code  0x08008588     0x4  startup_stm32l152xe.o [1]
  .text               ro code  0x0800858c     0x4  startup_stm32l152xe.o [1]
  .text               ro code  0x08008590     0x4  startup_stm32l152xe.o [1]
  .text               ro code  0x08008594     0x4  startup_stm32l152xe.o [1]
  .text               ro code  0x08008598     0x4  startup_stm32l152xe.o [1]
  .text               ro code  0x0800859c     0x4  startup_stm32l152xe.o [1]
  .text               ro code  0x080085a0     0x4  startup_stm32l152xe.o [1]
  .text               ro code  0x080085a4     0x4  startup_stm32l152xe.o [1]
  .text               ro code  0x080085a8     0x4  startup_stm32l152xe.o [1]
  .text               ro code  0x080085ac     0x4  startup_stm32l152xe.o [1]
  .text               ro code  0x080085b0     0x4  startup_stm32l152xe.o [1]
  .text               ro code  0x080085b4     0x4  startup_stm32l152xe.o [1]
  .text               ro code  0x080085b8     0x4  startup_stm32l152xe.o [1]
  .text               ro code  0x080085bc     0x4  startup_stm32l152xe.o [1]
  .text               ro code  0x080085c0     0x4  startup_stm32l152xe.o [1]
  .text               ro code  0x080085c4     0x4  startup_stm32l152xe.o [1]
  .text               ro code  0x080085c8     0x4  startup_stm32l152xe.o [1]
  .text               ro code  0x080085cc     0x4  startup_stm32l152xe.o [1]
  .text               ro code  0x080085d0     0x4  startup_stm32l152xe.o [1]
  .text               ro code  0x080085d4     0x4  startup_stm32l152xe.o [1]
  .text               ro code  0x080085d8     0x4  startup_stm32l152xe.o [1]
  .text               ro code  0x080085dc     0x4  startup_stm32l152xe.o [1]
  .text               ro code  0x080085e0     0x4  startup_stm32l152xe.o [1]
  .text               ro code  0x080085e4     0x4  startup_stm32l152xe.o [1]
  .text               ro code  0x080085e8     0x4  startup_stm32l152xe.o [1]
  .text               ro code  0x080085ec     0x4  startup_stm32l152xe.o [1]
  .text               ro code  0x080085f0     0x4  startup_stm32l152xe.o [1]
  .text               ro code  0x080085f4     0x4  startup_stm32l152xe.o [1]
  .text               ro code  0x080085f8     0x4  startup_stm32l152xe.o [1]
  .text               ro code  0x080085fc     0x4  startup_stm32l152xe.o [1]
  .text               ro code  0x08008600     0x4  startup_stm32l152xe.o [1]
  .text               ro code  0x08008604     0x4  startup_stm32l152xe.o [1]
  .text               ro code  0x08008608     0x4  startup_stm32l152xe.o [1]
  .text               ro code  0x0800860c     0x4  startup_stm32l152xe.o [1]
  .text               ro code  0x08008610     0x4  startup_stm32l152xe.o [1]
  .text               ro code  0x08008614     0x4  startup_stm32l152xe.o [1]
  .rodata             const    0x08008618     0x0  zero_init3.o [5]
  .rodata             const    0x08008618     0x0  packbits_init.o [5]
  Initializer bytes   ro data  0x08008618    0x29  <for P2 s0>
                             - 0x08008641  0x851d

"P2", part 1 of 3:                          0x118
  P2 s0                        0x20000000   0x118  <Init block>
    __DLIB_PERTHREAD  inited   0x20000000    0x88  localeconv.o [3]
    __DLIB_PERTHREAD  inited   0x20000088    0x74  setlocale.o [3]
    .data             inited   0x200000fc     0xc  u8g_dev_ssd1306_128x64.o [1]
    .data             inited   0x20000108     0xc  u8g_dev_ssd1306_128x64.o [1]
    .data             inited   0x20000114     0x4  system_stm32l1xx.o [1]
                             - 0x20000118   0x118

"P2", part 2 of 3:                          0x278
  .bss                zero     0x20000118    0x80  u8g_dev_ssd1306_128x64.o [1]
  .bss                zero     0x20000198    0x58  main.o [1]
  .bss                zero     0x200001f0    0x58  main.o [1]
  .bss                zero     0x20000248    0x3c  main.o [1]
  .bss                zero     0x20000284    0x38  main.o [1]
  .bss                zero     0x200002bc    0x38  main.o [1]
  .bss                zero     0x200002f4    0x38  main.o [1]
  .bss                zero     0x2000032c    0x38  main.o [1]
  .bss                zero     0x20000364     0x8  xxmemxmalloc.o [3]
  .bss                zero     0x2000036c     0x4  main.o [1]
  .bss                zero     0x20000370     0x4  main.o [1]
  .bss                zero     0x20000374     0x4  main.o [1]
  .bss                zero     0x20000378     0x4  main.o [1]
  .bss                zero     0x2000037c     0x4  main.o [1]
  .bss                zero     0x20000380     0x4  stm32l1xx_hal.o [1]
  .bss                zero     0x20000384     0x4  xgetmemchunk.o [3]
  .bss                zero     0x20000388     0x1  main.o [1]
  .bss                zero     0x20000389     0x1  main.o [1]
                             - 0x2000038a   0x272

"P2", part 3 of 3:                          0x600
  CSTACK                       0x20000390   0x400  <Block>
    CSTACK            uninit   0x20000390   0x400  <Block tail>
  HEAP                         0x20000790   0x200  <Block>
    HEAP              uninit   0x20000790   0x200  <Block tail>
                             - 0x20000990   0x600


*******************************************************************************
*** INIT TABLE
***

          Address     Size
          -------     ----
Zero (__iar_zero_init3)
    1 destination range, total size 0x272:
          0x20000118  0x272

Copy/packbits (__iar_packbits_init3)
    1 source range, total size 0x29 (14% of destination):
          0x08008618   0x29
    1 destination range, total size 0x118:
          0x20000000  0x118



*******************************************************************************
*** MODULE SUMMARY
***

    Module                    ro code  ro data  rw data
    ------                    -------  -------  -------
D:\STM_projects\heater\EWARM\heater Configuration\Obj: [1]
    main.o                      2 180       56      482
    startup_stm32l152xe.o         544
    stm32l1xx_hal.o               108                 4
    stm32l1xx_hal_cortex.o        362
    stm32l1xx_hal_gpio.o          612
    stm32l1xx_hal_msp.o           488
    stm32l1xx_hal_pwr_ex.o         16
    stm32l1xx_hal_rcc.o         3 768       32
    stm32l1xx_hal_spi.o         2 146
    stm32l1xx_hal_spi_ex.o        140
    stm32l1xx_hal_tim.o         1 882
    stm32l1xx_hal_tim_ex.o         90
    stm32l1xx_it.o                 60
    system_stm32l1xx.o            100        1        4
    u8g_arm.o                     264
    u8g_clip.o                    156
    u8g_com_api.o                 432
    u8g_com_null.o                 44
    u8g_dev_ssd1306_128x64.o      204       76      152
    u8g_font.o                    860
    u8g_font_data.o                      9 016
    u8g_ll_api.o                  590
    u8g_page.o                     76
    u8g_pb.o                      188
    u8g_pb8v1.o                   366
    u8g_state.o                     2
    ---------------------------------------------------
    Total:                     15 678    9 181      642

command line: [2]
    ---------------------------------------------------
    Total:

dl7M_tlf.a: [3]
    abort.o                         6
    div.o                          14
    exit.o                          4
    localeconv.o                  108       19      136
    low_level_init.o                4
    setlocale.o                    20       17      116
    sprintf.o                      52
    xencoding_sb.o                 96
    xgetmemchunk.o                 44                 4
    xmbcurmax.o                    10
    xmbtowc.o                      32
    xprintffull.o               4 438
    xsprout.o                      10
    xtls.o                          2
    xwctomb.o                      26
    xxmemxfree.o                  128
    xxmemxmalloc.o                176                 8
    ---------------------------------------------------
    Total:                      5 170       36      264

m7M_tl.a: [4]
    DblAdd.o                      212
    DblCmpGe.o                     46
    DblCmpLe.o                     46
    DblDiv.o                      598
    DblMul.o                      418
    DblSub.o                      384
    DblToI32.o                     88
    FltAdd.o                      132
    FltCmpGe.o                     36
    FltDiv.o                      252
    FltMul.o                      216
    FltSub.o                      230
    FltToDbl.o                     78
    FltToS32.o                     68
    FltToU32.o                     36
    I32ToDbl.o                     48
    I32ToFlt.o                     46
    xdnorm.o                       66
    xdscale.o                     272
    ---------------------------------------------------
    Total:                      3 272

rt7M_tl.a: [5]
    ABImemcpy.o                   166
    I64DivMod.o                   238
    I64DivZer.o                     2
    cexit.o                        10
    cmain.o                        26
    cstartup_M.o                   12
    data_init.o                    40
    memchr.o                       88
    packbits_init.o               208
    strchr.o                       22
    strlen.o                       54
    zero_init3.o                   64
    ---------------------------------------------------
    Total:                        930

shb_l.a: [6]
    exit.o                         20
    ---------------------------------------------------
    Total:                         20

    Gaps                           34        4
    Linker created                          44    1 536
-------------------------------------------------------
    Grand Total:               25 104    9 265    2 442


*******************************************************************************
*** ENTRY LIST
***

Entry                      Address    Size  Type      Object
-----                      -------    ----  ----      ------
?main                   0x08008469          Code  Gb  cmain.o [5]
ADC1_IRQHandler         0x08008591          Code  Wk  startup_stm32l152xe.o [1]
BusFault_Handler        0x08008535          Code  Wk  startup_stm32l152xe.o [1]
COMP_ACQ_IRQHandler     0x08008615          Code  Wk  startup_stm32l152xe.o [1]
COMP_IRQHandler         0x080085a1          Code  Wk  startup_stm32l152xe.o [1]
CSTACK$$Base            0x20000390           --   Gb  - Linker created -
CSTACK$$Limit           0x20000790           --   Gb  - Linker created -
DAC_IRQHandler          0x0800859d          Code  Wk  startup_stm32l152xe.o [1]
DMA1_Channel1_IRQHandler
                        0x08008575          Code  Wk  startup_stm32l152xe.o [1]
DMA1_Channel2_IRQHandler
                        0x08008579          Code  Wk  startup_stm32l152xe.o [1]
DMA1_Channel3_IRQHandler
                        0x0800857d          Code  Wk  startup_stm32l152xe.o [1]
DMA1_Channel4_IRQHandler
                        0x08008581          Code  Wk  startup_stm32l152xe.o [1]
DMA1_Channel5_IRQHandler
                        0x08008585          Code  Wk  startup_stm32l152xe.o [1]
DMA1_Channel6_IRQHandler
                        0x08008589          Code  Wk  startup_stm32l152xe.o [1]
DMA1_Channel7_IRQHandler
                        0x0800858d          Code  Wk  startup_stm32l152xe.o [1]
DMA2_Channel1_IRQHandler
                        0x08008601          Code  Wk  startup_stm32l152xe.o [1]
DMA2_Channel2_IRQHandler
                        0x08008605          Code  Wk  startup_stm32l152xe.o [1]
DMA2_Channel3_IRQHandler
                        0x08008609          Code  Wk  startup_stm32l152xe.o [1]
DMA2_Channel4_IRQHandler
                        0x0800860d          Code  Wk  startup_stm32l152xe.o [1]
DMA2_Channel5_IRQHandler
                        0x08008611          Code  Wk  startup_stm32l152xe.o [1]
DebugMon_Handler        0x08008541          Code  Wk  startup_stm32l152xe.o [1]
EXTI0_IRQHandler        0x08008561          Code  Wk  startup_stm32l152xe.o [1]
EXTI15_10_IRQHandler    0x080083a3     0xc  Code  Gb  stm32l1xx_it.o [1]
EXTI1_IRQHandler        0x08008565          Code  Wk  startup_stm32l152xe.o [1]
EXTI2_IRQHandler        0x08008569          Code  Wk  startup_stm32l152xe.o [1]
EXTI3_IRQHandler        0x0800856d          Code  Wk  startup_stm32l152xe.o [1]
EXTI4_IRQHandler        0x08008571          Code  Wk  startup_stm32l152xe.o [1]
EXTI9_5_IRQHandler      0x080085a5          Code  Wk  startup_stm32l152xe.o [1]
FLASH_IRQHandler        0x08008559          Code  Wk  startup_stm32l152xe.o [1]
HAL_Delay               0x08004825    0x1a  Code  Wk  stm32l1xx_hal.o [1]
HAL_GPIO_EXTI_Callback  0x08005543    0x26  Code  Gb  main.o [1]
HAL_GPIO_EXTI_IRQHandler
                        0x08004db1    0x1e  Code  Gb  stm32l1xx_hal_gpio.o [1]
HAL_GPIO_Init           0x08004ba9   0x1dc  Code  Gb  stm32l1xx_hal_gpio.o [1]
HAL_GPIO_ReadPin        0x08004d85    0x18  Code  Gb  stm32l1xx_hal_gpio.o [1]
HAL_GPIO_WritePin       0x08004d9d    0x14  Code  Gb  stm32l1xx_hal_gpio.o [1]
HAL_GetTick             0x0800481f     0x6  Code  Wk  stm32l1xx_hal.o [1]
HAL_IncTick             0x08004813     0xc  Code  Wk  stm32l1xx_hal.o [1]
HAL_Init                0x080047d9    0x16  Code  Gb  stm32l1xx_hal.o [1]
HAL_InitTick            0x080047ef    0x24  Code  Wk  stm32l1xx_hal.o [1]
HAL_MspInit             0x080049c1    0x46  Code  Gb  stm32l1xx_hal_msp.o [1]
HAL_NVIC_EnableIRQ      0x08004957     0xe  Code  Gb  stm32l1xx_hal_cortex.o [1]
HAL_NVIC_SetPriority    0x08004931    0x26  Code  Gb  stm32l1xx_hal_cortex.o [1]
HAL_NVIC_SetPriorityGrouping
                        0x08004925     0xc  Code  Gb  stm32l1xx_hal_cortex.o [1]
HAL_PWREx_GetVoltageRange
                        0x08004845     0xa  Code  Gb  stm32l1xx_hal_pwr_ex.o [1]
HAL_RCC_CSSCallback     0x0800470f     0x2  Code  Wk  stm32l1xx_hal_rcc.o [1]
HAL_RCC_ClockConfig     0x080041d1   0x440  Code  Gb  stm32l1xx_hal_rcc.o [1]
HAL_RCC_GetHCLKFreq     0x080046cd    0x28  Code  Gb  stm32l1xx_hal_rcc.o [1]
HAL_RCC_GetSysClockFreq
                        0x08004621    0xa6  Code  Gb  stm32l1xx_hal_rcc.o [1]
HAL_RCC_NMI_IRQHandler  0x080046f9    0x16  Code  Gb  stm32l1xx_hal_rcc.o [1]
HAL_RCC_OscConfig       0x08003921   0x8b0  Code  Gb  stm32l1xx_hal_rcc.o [1]
HAL_SPI_GetState        0x08007067     0x6  Code  Gb  stm32l1xx_hal_spi.o [1]
HAL_SPI_Init            0x08006817    0x8c  Code  Gb  stm32l1xx_hal_spi_ex.o [1]
HAL_SPI_MspInit         0x08004a07    0x88  Code  Gb  stm32l1xx_hal_msp.o [1]
HAL_SPI_Receive         0x08006ac9   0x23a  Code  Gb  stm32l1xx_hal_spi.o [1]
HAL_SPI_Transmit        0x080068fd   0x1cc  Code  Gb  stm32l1xx_hal_spi.o [1]
HAL_SPI_TransmitReceive
                        0x08006d03   0x364  Code  Gb  stm32l1xx_hal_spi.o [1]
HAL_SYSTICK_CLKSourceConfig
                        0x08004971    0x20  Code  Gb  stm32l1xx_hal_cortex.o [1]
HAL_SYSTICK_Callback    0x080049bd     0x2  Code  Wk  stm32l1xx_hal_cortex.o [1]
HAL_SYSTICK_Config      0x08004965     0xc  Code  Gb  stm32l1xx_hal_cortex.o [1]
HAL_SYSTICK_IRQHandler  0x080049b5     0x8  Code  Gb  stm32l1xx_hal_cortex.o [1]
HAL_TIMEx_MasterConfigSynchronization
                        0x080068a3    0x5a  Code  Gb  stm32l1xx_hal_tim_ex.o [1]
HAL_TIM_Base_Init       0x08005de9    0x38  Code  Gb  stm32l1xx_hal_tim.o [1]
HAL_TIM_Base_MspInit    0x08004a8f    0xaa  Code  Gb  stm32l1xx_hal_msp.o [1]
HAL_TIM_Base_Start_IT   0x08005e21    0x1e  Code  Gb  stm32l1xx_hal_tim.o [1]
HAL_TIM_ConfigClockSource
                        0x080061eb   0x11e  Code  Gb  stm32l1xx_hal_tim.o [1]
HAL_TIM_Encoder_Init    0x08005e99    0xbc  Code  Gb  stm32l1xx_hal_tim.o [1]
HAL_TIM_Encoder_MspInit
                        0x08004b39    0x46  Code  Gb  stm32l1xx_hal_msp.o [1]
HAL_TIM_Encoder_Start   0x08005f57    0x4e  Code  Gb  stm32l1xx_hal_tim.o [1]
HAL_TIM_IC_CaptureCallback
                        0x0800630b     0x2  Code  Wk  stm32l1xx_hal_tim.o [1]
HAL_TIM_IRQHandler      0x08005fb1   0x13a  Code  Gb  stm32l1xx_hal_tim.o [1]
HAL_TIM_OC_DelayElapsedCallback
                        0x08006309     0x2  Code  Wk  stm32l1xx_hal_tim.o [1]
HAL_TIM_PWM_ConfigChannel
                        0x080060eb   0x100  Code  Gb  stm32l1xx_hal_tim.o [1]
HAL_TIM_PWM_Init        0x08005e3f    0x38  Code  Gb  stm32l1xx_hal_tim.o [1]
HAL_TIM_PWM_MspInit     0x08005e77     0x2  Code  Wk  stm32l1xx_hal_tim.o [1]
HAL_TIM_PWM_PulseFinishedCallback
                        0x0800630d     0x2  Code  Wk  stm32l1xx_hal_tim.o [1]
HAL_TIM_PWM_Start       0x08005e79    0x20  Code  Gb  stm32l1xx_hal_tim.o [1]
HAL_TIM_PeriodElapsedCallback
                        0x08005569    0x6c  Code  Gb  main.o [1]
HAL_TIM_TriggerCallback
                        0x0800630f     0x2  Code  Wk  stm32l1xx_hal_tim.o [1]
HEAP$$Base              0x20000790           --   Gb  - Linker created -
HEAP$$Limit             0x20000990           --   Gb  - Linker created -
HardFault_Handler       0x0800852d          Code  Wk  startup_stm32l152xe.o [1]
I2C1_ER_IRQHandler      0x080085c5          Code  Wk  startup_stm32l152xe.o [1]
I2C1_EV_IRQHandler      0x080085c1          Code  Wk  startup_stm32l152xe.o [1]
I2C2_ER_IRQHandler      0x080085cd          Code  Wk  startup_stm32l152xe.o [1]
I2C2_EV_IRQHandler      0x080085c9          Code  Wk  startup_stm32l152xe.o [1]
InStream_Read           0x0800812b    0x22  Code  Lc  packbits_init.o [5]
K_d                     0x08008524     0x4  Data  Gb  main.o [1]
K_i                     0x08008520     0x4  Data  Gb  main.o [1]
K_p                     0x0800851c     0x4  Data  Gb  main.o [1]
LCD_IRQHandler          0x080085a9          Code  Wk  startup_stm32l152xe.o [1]
LoadInt                 0x08002091    0x6e  Code  Lc  xprintffull.o [3]
MX_GPIO_Init            0x08005421   0x122  Code  Lc  main.o [1]
MX_SPI2_Init            0x080051bd    0x74  Code  Lc  main.o [1]
MX_SPI3_Init            0x08005231    0x72  Code  Lc  main.o [1]
MX_TIM2_Init            0x080052a3    0x74  Code  Lc  main.o [1]
MX_TIM3_Init            0x08005321    0x64  Code  Lc  main.o [1]
MX_TIM4_Init            0x08005385    0x4e  Code  Lc  main.o [1]
MX_TIM5_Init            0x080053d3    0x4e  Code  Lc  main.o [1]
MemManage_Handler       0x08008531          Code  Wk  startup_stm32l152xe.o [1]
NMI_Handler             0x08008385     0x8  Code  Gb  stm32l1xx_it.o [1]
NVIC_EnableIRQ          0x0800487d    0x18  Code  Lc  stm32l1xx_hal_cortex.o [1]
NVIC_EncodePriority     0x080048b7    0x3e  Code  Lc  stm32l1xx_hal_cortex.o [1]
NVIC_GetPriorityGrouping
                        0x08004873     0xa  Code  Lc  stm32l1xx_hal_cortex.o [1]
NVIC_SetPriority        0x08004895    0x22  Code  Lc  stm32l1xx_hal_cortex.o [1]
NVIC_SetPriorityGrouping
                        0x08004855    0x1e  Code  Lc  stm32l1xx_hal_cortex.o [1]
PVD_IRQHandler          0x0800854d          Code  Wk  startup_stm32l152xe.o [1]
PendSV_Handler          0x08008545          Code  Wk  startup_stm32l152xe.o [1]
RCC_IRQHandler          0x0800855d          Code  Wk  startup_stm32l152xe.o [1]
RCC_SetFlashLatencyFromMSIRange
                        0x08004711    0x8e  Code  Lc  stm32l1xx_hal_rcc.o [1]
RTC_Alarm_IRQHandler    0x080085e5          Code  Wk  startup_stm32l152xe.o [1]
RTC_WKUP_IRQHandler     0x08008555          Code  Wk  startup_stm32l152xe.o [1]
Region$$Table$$Base     0x0800843c           --   Gb  - Linker created -
Region$$Table$$Limit    0x08008468           --   Gb  - Linker created -
Reset_Handler           0x080084a9          Code  Wk  startup_stm32l152xe.o [1]
SPI1_IRQHandler         0x080085d1          Code  Wk  startup_stm32l152xe.o [1]
SPI2_IRQHandler         0x080085d5          Code  Wk  startup_stm32l152xe.o [1]
SPI3_IRQHandler         0x080085f5          Code  Wk  startup_stm32l152xe.o [1]
SPI_WaitOnFlagUntilTimeout
                        0x0800706d    0xf2  Code  Lc  stm32l1xx_hal_spi.o [1]
SVC_Handler             0x0800853d          Code  Wk  startup_stm32l152xe.o [1]
SysTick_Config          0x080048f5    0x30  Code  Lc  stm32l1xx_hal_cortex.o [1]
SysTick_Handler         0x0800838d     0xc  Code  Gb  stm32l1xx_it.o [1]
SystemClock_Config      0x0800511b    0x9e  Code  Gb  main.o [1]
SystemCoreClock         0x20000114     0x4  Data  Gb  system_stm32l1xx.o [1]
SystemInit              0x080082e1    0x4c  Code  Gb  system_stm32l1xx.o [1]
TAMPER_STAMP_IRQHandler
                        0x08008551          Code  Wk  startup_stm32l152xe.o [1]
TIM10_IRQHandler        0x080085b1          Code  Wk  startup_stm32l152xe.o [1]
TIM11_IRQHandler        0x080085b5          Code  Wk  startup_stm32l152xe.o [1]
TIM2_IRQHandler         0x080085b9          Code  Wk  startup_stm32l152xe.o [1]
TIM3_IRQHandler         0x080085bd          Code  Wk  startup_stm32l152xe.o [1]
TIM4_IRQHandler         0x08008399     0xa  Code  Gb  stm32l1xx_it.o [1]
TIM5_IRQHandler         0x080083af     0xa  Code  Gb  stm32l1xx_it.o [1]
TIM6_IRQHandler         0x080085ed          Code  Wk  startup_stm32l152xe.o [1]
TIM7_IRQHandler         0x080085f1          Code  Wk  startup_stm32l152xe.o [1]
TIM9_IRQHandler         0x080085ad          Code  Wk  startup_stm32l152xe.o [1]
TIM_Base_SetConfig      0x08006311    0x6e  Code  Lc  stm32l1xx_hal_tim.o [1]
TIM_CCxChannelCmd       0x08006525    0x1e  Code  Lc  stm32l1xx_hal_tim.o [1]
TIM_ETR_SetConfig       0x08006509    0x1c  Code  Lc  stm32l1xx_hal_tim.o [1]
TIM_ITRx_SetConfig      0x080064f3    0x16  Code  Lc  stm32l1xx_hal_tim.o [1]
TIM_OC1_SetConfig       0x0800637f    0x3e  Code  Lc  stm32l1xx_hal_tim.o [1]
TIM_OC2_SetConfig       0x080063bd    0x42  Code  Lc  stm32l1xx_hal_tim.o [1]
TIM_OC3_SetConfig       0x080063ff    0x40  Code  Lc  stm32l1xx_hal_tim.o [1]
TIM_OC4_SetConfig       0x0800643f    0x42  Code  Lc  stm32l1xx_hal_tim.o [1]
TIM_TI1_ConfigInputStage
                        0x08006499    0x2c  Code  Lc  stm32l1xx_hal_tim.o [1]
TIM_TI2_ConfigInputStage
                        0x080064c5    0x2e  Code  Lc  stm32l1xx_hal_tim.o [1]
UART4_IRQHandler        0x080085f9          Code  Wk  startup_stm32l152xe.o [1]
UART5_IRQHandler        0x080085fd          Code  Wk  startup_stm32l152xe.o [1]
USART1_IRQHandler       0x080085d9          Code  Wk  startup_stm32l152xe.o [1]
USART2_IRQHandler       0x080085dd          Code  Wk  startup_stm32l152xe.o [1]
USART3_IRQHandler       0x080085e1          Code  Wk  startup_stm32l152xe.o [1]
USB_FS_WKUP_IRQHandler  0x080085e9          Code  Wk  startup_stm32l152xe.o [1]
USB_HP_IRQHandler       0x08008595          Code  Wk  startup_stm32l152xe.o [1]
USB_LP_IRQHandler       0x08008599          Code  Wk  startup_stm32l152xe.o [1]
UsageFault_Handler      0x08008539          Code  Wk  startup_stm32l152xe.o [1]
WWDG_IRQHandler         0x08008549          Code  Wk  startup_stm32l152xe.o [1]
_EncodingSb_Mbtowc      0x080037d3    0x30  Code  Gb  xencoding_sb.o [3]
_EncodingSb_Wctomb      0x080037b9    0x1a  Code  Gb  xencoding_sb.o [3]
_GenldFull              0x0800291b   0x24e  Code  Lc  xprintffull.o [3]
_IsdstStr               0x2000008c     0x4  Data  Gb  setlocale.o [3]
_LdtobFull              0x08002519   0x3fc  Code  Lc  xprintffull.o [3]
_LitobFull              0x08002411   0x106  Code  Lc  xprintffull.o [3]
_LocaleEncoding         0x080037a5     0xe  Code  Gb  setlocale.o [3]
_LocaleReturnString     0x200000ac    0x50  Data  Lc  setlocale.o [3]
_Locale_Profile         0x20000090    0x1c  Data  Gb  setlocale.o [3]
_Locale_aeabi_lconv     0x20000050    0x38  Data  Gb  localeconv.o [3]
_Locale_lconv           0x20000000    0x50  Data  Gb  localeconv.o [3]
_Mbtowc                 0x08002bb3    0x20  Code  Gb  xmbtowc.o [3]
_PrintfFull             0x08001a5d   0x61e  Code  Gb  xprintffull.o [3]
_PutcharsFull           0x08002b69    0x2e  Code  Lc  xprintffull.o [3]
_PutstrFull             0x080020ff   0x30c  Code  Lc  xprintffull.o [3]
_SProut                 0x08002bd3     0xa  Code  Gb  xsprout.o [3]
_TzoneStr               0x20000088     0x4  Data  Gb  setlocale.o [3]
_Wctomb                 0x08002d41    0x1a  Code  Gb  xwctomb.o [3]
__aeabi_cdcmple         0x08002fb5          Code  Gb  DblCmpLe.o [4]
__aeabi_cdrcmple        0x08002fe5          Code  Gb  DblCmpGe.o [4]
__aeabi_cfrcmple        0x08005a45          Code  Gb  FltCmpGe.o [4]
__aeabi_d2iz            0x08003125          Code  Gb  DblToI32.o [4]
__aeabi_d2uiz           0x08003151          Code  Gb  DblToI32.o [4]
__aeabi_ddiv            0x080034d1          Code  Gb  DblDiv.o [4]
__aeabi_dmul            0x0800332d          Code  Gb  DblMul.o [4]
__aeabi_dsub            0x080031ad          Code  Gb  DblSub.o [4]
__aeabi_f2d             0x080067c9          Code  Gb  FltToDbl.o [4]
__aeabi_f2iz            0x08005929          Code  Gb  FltToS32.o [4]
__aeabi_f2uiz           0x08005dc5          Code  Gb  FltToU32.o [4]
__aeabi_fadd            0x080058a5          Code  Gb  FltAdd.o [4]
__aeabi_fdiv            0x08005779          Code  Gb  FltDiv.o [4]
__aeabi_fmul            0x0800596d          Code  Gb  FltMul.o [4]
__aeabi_fsub            0x08005691          Code  Gb  FltSub.o [4]
__aeabi_i2d             0x0800317d          Code  Gb  I32ToDbl.o [4]
__aeabi_i2f             0x08005875          Code  Gb  I32ToFlt.o [4]
__aeabi_ldiv0           0x08003845          Code  Gb  I64DivZer.o [5]
__aeabi_memcpy          0x08002d5d          Code  Gb  ABImemcpy.o [5]
__aeabi_memcpy4         0x08002d7d          Code  Gb  ABImemcpy.o [5]
__aeabi_memcpy8         0x08002d7d          Code  Gb  ABImemcpy.o [5]
__aeabi_ui2d            0x08003191          Code  Gb  I32ToDbl.o [4]
__aeabi_uldivmod        0x08002e85          Code  Gb  I64DivMod.o [5]
__cmain                 0x08008469          Code  Gb  cmain.o [5]
__data_Aldata           0x20000364     0x8  Data  Gb  xxmemxmalloc.o [3]
__data_GetMemChunk      0x08003819    0x2c  Code  Gb  xgetmemchunk.o [3]
__exit                  0x08008201    0x14  Code  Gb  exit.o [6]
__iar_Dnorm             0x08002f73    0x42  Code  Gb  xdnorm.o [4]
__iar_Dscale            0x08003015   0x110  Code  Gb  xdscale.o [4]
__iar_Locale_lconv_init
                        0x08003729    0x3a  Code  Gb  localeconv.o [3]
__iar_Mbcurmax          0x08002c85     0xa  Code  Gb  xmbcurmax.o [3]
__iar_Memchr            0x08002c2d          Code  Gb  memchr.o [5]
__iar_Strchr            0x08002bdd          Code  Gb  strchr.o [5]
__iar_d2uiz             0x0800315d          Code  Gb  DblToI32.o [4]
__iar_dadd              0x08003849          Code  Gb  DblAdd.o [4]
__iar_data_init3        0x08008415    0x28  Code  Gb  data_init.o [5]
__iar_dlib_perthread_access
                        0x0800391d     0x2  Code  Gb  xtls.o [3]
__iar_dsub              0x080031c1          Code  Gb  DblSub.o [4]
__iar_dsubStart         0x080031d3          Code  Gb  DblSub.o [4]
__iar_fadd              0x080058b5          Code  Gb  FltAdd.o [4]
__iar_fsub              0x080056a1          Code  Gb  FltSub.o [4]
__iar_fsubStart         0x080056b1          Code  Gb  FltSub.o [4]
__iar_packbits_init3    0x0800814d    0xae  Code  Gb  packbits_init.o [5]
__iar_program_start     0x080084e9          Code  Gb  cstartup_M.o [5]
__iar_ui2d              0x08003195          Code  Gb  I32ToDbl.o [4]
__iar_ui2f              0x08005889          Code  Gb  I32ToFlt.o [4]
__iar_zero_init3        0x08008345    0x40  Code  Gb  zero_init3.o [5]
__low_level_init        0x08008483     0x4  Code  Gb  low_level_init.o [3]
__vector_table          0x08000000          Data  Gb  startup_stm32l152xe.o [1]
_call_main              0x08008475          Code  Gb  cmain.o [5]
_exit                   0x0800848d          Code  Gb  cexit.o [5]
_main                   0x0800847f          Code  Gb  cmain.o [5]
aAPBAHBPrescTable       0x08008498    0x10  Data  Gb  stm32l1xx_hal_rcc.o [1]
aPLLDivisionFactorTable
                        0x08008528     0x4  Data  Gb  stm32l1xx_hal_rcc.o [1]
aPLLMulFactorTable      0x080084c4     0xc  Data  Gb  stm32l1xx_hal_rcc.o [1]
abort                   0x080081fb     0x6  Code  Gb  abort.o [3]
btn_short_pressed       0x20000388     0x1  Data  Gb  main.o [1]
div                     0x08003795     0xe  Code  Gb  div.o [3]
draw_mask               0x08004ef7    0x2c  Code  Gb  main.o [1]
exit                    0x08008487     0x4  Code  Gb  exit.o [3]
free                    0x08002e05    0x7a  Code  Gb  xxmemxfree.o [3]
hspi2                   0x20000198    0x58  Data  Gb  main.o [1]
hspi3                   0x200001f0    0x58  Data  Gb  main.o [1]
htim2                   0x20000284    0x38  Data  Gb  main.o [1]
htim3                   0x200002bc    0x38  Data  Gb  main.o [1]
htim4                   0x200002f4    0x38  Data  Gb  main.o [1]
htim5                   0x2000032c    0x38  Data  Gb  main.o [1]
localeconv              0x08003763    0x16  Code  Gb  localeconv.o [3]
main                    0x08004f3d   0x1de  Code  Gb  main.o [1]
malloc                  0x08002c91    0xac  Code  Gb  xxmemxmalloc.o [3]
memchr                  0x08002c2d          Code  Gb  memchr.o [5]
pid                     0x08004e0d    0xea  Code  Gb  main.o [1]
pwm                     0x20000374     0x4  Data  Gb  main.o [1]
set_pwm                 0x08004f23    0x1a  Code  Gb  main.o [1]
sprintf                 0x08006795    0x34  Code  Gb  sprintf.o [3]
strchr                  0x08002bdd          Code  Gb  strchr.o [5]
strlen                  0x08002bf5          Code  Gb  strlen.o [5]
temperature_get         0x2000036c     0x4  Data  Gb  main.o [1]
temperature_set         0x20000370     0x4  Data  Gb  main.o [1]
tmp_measure_made        0x20000389     0x1  Data  Gb  main.o [1]
u8g                     0x20000248    0x3c  Data  Gb  main.o [1]
u8g_10MicroDelay        0x08007dcb    0x12  Code  Gb  u8g_arm.o [1]
u8g_Begin               0x080066fd    0x1e  Code  Gb  u8g_ll_api.o [1]
u8g_CopyGlyphDataToCache
                        0x08005b03    0x66  Code  Lc  u8g_font.o [1]
u8g_Delay               0x08007dad     0xe  Code  Gb  u8g_arm.o [1]
u8g_Draw8Pixel          0x0800675f    0x2e  Code  Gb  u8g_ll_api.o [1]
u8g_Draw8PixelLL        0x08006601    0x34  Code  Gb  u8g_ll_api.o [1]
u8g_DrawStr             0x08005d6d    0x46  Code  Gb  u8g_font.o [1]
u8g_FillEmptyGlyphCache
                        0x08005b69    0x18  Code  Lc  u8g_font.o [1]
u8g_FirstPage           0x08006737     0xe  Code  Gb  u8g_ll_api.o [1]
u8g_FirstPageLL         0x0800658d    0x34  Code  Gb  u8g_ll_api.o [1]
u8g_GetGlyph            0x08005b81   0x108  Code  Gb  u8g_font.o [1]
u8g_GetHeightLL         0x0800664d    0x18  Code  Gb  u8g_ll_api.o [1]
u8g_GetModeLL           0x08006665    0x14  Code  Gb  u8g_ll_api.o [1]
u8g_GetWidthLL          0x08006635    0x18  Code  Gb  u8g_ll_api.o [1]
u8g_InitCom             0x08007bfd    0x18  Code  Gb  u8g_com_api.o [1]
u8g_InitComFn           0x0800671b    0x1c  Code  Gb  u8g_ll_api.o [1]
u8g_InitLL              0x08006561    0x2c  Code  Gb  u8g_ll_api.o [1]
u8g_IsBBXIntersection   0x080071a5    0x56  Code  Gb  u8g_clip.o [1]
u8g_MicroDelay          0x08007dbb    0x10  Code  Gb  u8g_arm.o [1]
u8g_NextPage            0x08006745    0x1a  Code  Gb  u8g_ll_api.o [1]
u8g_NextPageLL          0x080065c1    0x40  Code  Gb  u8g_ll_api.o [1]
u8g_SetAddress          0x08007c55    0x18  Code  Gb  u8g_com_api.o [1]
u8g_SetChipSelect       0x08007c15    0x18  Code  Gb  u8g_com_api.o [1]
u8g_SetColorIndex       0x0800678d     0x6  Code  Gb  u8g_ll_api.o [1]
u8g_SetFontPosBaseline  0x08005db9     0x6  Code  Gb  u8g_font.o [1]
u8g_SetResetHigh        0x08007c41    0x14  Code  Gb  u8g_com_api.o [1]
u8g_SetResetLow         0x08007c2d    0x14  Code  Gb  u8g_com_api.o [1]
u8g_UpdateDimension     0x08006679    0x32  Code  Gb  u8g_ll_api.o [1]
u8g_WriteByte           0x08007c6d    0x18  Code  Gb  u8g_com_api.o [1]
u8g_WriteEscSeqP        0x08007ca1   0x10c  Code  Gb  u8g_com_api.o [1]
u8g_WriteSequence       0x08007c85    0x1c  Code  Gb  u8g_com_api.o [1]
u8g_call_dev_fn         0x08006545    0x1c  Code  Gb  u8g_ll_api.o [1]
u8g_com_hw_spi_fn       0x08007ddd    0xce  Code  Gb  u8g_arm.o [1]
u8g_com_null_fn         0x080083c1    0x2c  Code  Gb  u8g_com_null.o [1]
u8g_dev_pb8v1_base_fn   0x08007f6d    0xb6  Code  Gb  u8g_pb8v1.o [1]
u8g_dev_ssd1306_128x64_adafruit2_init_seq
                        0x080083ec    0x28  Data  Lc  u8g_dev_ssd1306_128x64.o [1]
u8g_dev_ssd1306_128x64_data_start
                        0x08008514     0x8  Data  Lc  u8g_dev_ssd1306_128x64.o [1]
u8g_dev_ssd1306_128x64_fn
                        0x08008215    0xbc  Code  Gb  u8g_dev_ssd1306_128x64.o [1]
u8g_dev_ssd1306_128x64_hw_spi
                        0x20000108     0xc  Data  Gb  u8g_dev_ssd1306_128x64.o [1]
u8g_dev_ssd1306_128x64_hw_spi_buf
                        0x20000118    0x80  Data  Gb  u8g_dev_ssd1306_128x64.o [1]
u8g_dev_ssd1306_128x64_hw_spi_pb
                        0x200000fc     0xc  Data  Gb  u8g_dev_ssd1306_128x64.o [1]
u8g_dev_ssd13xx_sleep_off
                        0x080084dc     0xc  Data  Lc  u8g_dev_ssd1306_128x64.o [1]
u8g_dev_ssd13xx_sleep_on
                        0x080084d0     0xc  Data  Lc  u8g_dev_ssd1306_128x64.o [1]
u8g_draw_glyph          0x08005c89    0xe4  Code  Gb  u8g_font.o [1]
u8g_font_GetEncoding65Pos
                        0x08005abb     0xe  Code  Gb  u8g_font.o [1]
u8g_font_GetEncoding97Pos
                        0x08005ac9     0xe  Code  Gb  u8g_font.o [1]
u8g_font_GetFontEndEncoding
                        0x08005ae5     0xe  Code  Gb  u8g_font.o [1]
u8g_font_GetFontGlyphStructureSize
                        0x08005a95    0x26  Code  Lc  u8g_font.o [1]
u8g_font_GetFontStartEncoding
                        0x08005ad7     0xe  Code  Gb  u8g_font.o [1]
u8g_font_GetFormat      0x08005a87     0xe  Code  Lc  u8g_font.o [1]
u8g_font_GetGlyphDataStart
                        0x08005af3    0x10  Code  Lc  u8g_font.o [1]
u8g_font_calc_vref_font
                        0x08005db3     0x6  Code  Gb  u8g_font.o [1]
u8g_font_get_byte       0x08005a69     0x8  Code  Lc  u8g_font.o [1]
u8g_font_get_word       0x08005a71    0x16  Code  Lc  u8g_font.o [1]
u8g_font_profont10      0x080071fc   0xa00  Data  Gb  u8g_font_data.o [1]
u8g_font_profont22      0x08000124  0x1938  Data  Gb  u8g_font_data.o [1]
u8g_init_data           0x080066ab    0x4e  Code  Lc  u8g_ll_api.o [1]
u8g_is_intersection_decision_tree
                        0x0800715f    0x46  Code  Lc  u8g_clip.o [1]
u8g_page_First          0x080080df    0x14  Code  Gb  u8g_page.o [1]
u8g_page_Next           0x080080f3    0x38  Code  Gb  u8g_page.o [1]
u8g_pb8v1_Set8PixelOpt2
                        0x08007f13    0x5a  Code  Gb  u8g_pb8v1.o [1]
u8g_pb8v1_SetPixel      0x08007ee7    0x2c  Code  Gb  u8g_pb8v1.o [1]
u8g_pb8v1_set_pixel     0x08007eb5    0x32  Code  Gb  u8g_pb8v1.o [1]
u8g_pb_Clear            0x08008023    0x14  Code  Gb  u8g_pb.o [1]
u8g_pb_GetPageBox       0x08008079    0x18  Code  Gb  u8g_pb.o [1]
u8g_pb_Is8PixelVisible  0x08008091    0x38  Code  Gb  u8g_pb.o [1]
u8g_pb_IsYIntersection  0x08008037    0x42  Code  Gb  u8g_pb.o [1]
u8g_pb_WriteBuffer      0x080080c9    0x16  Code  Gb  u8g_pb.o [1]
u8g_state_dummy_cb      0x08002bf3     0x2  Code  Gb  u8g_state.o [1]
uwTick                  0x20000380     0x4  Data  Lc  stm32l1xx_hal.o [1]


[1] = D:\STM_projects\heater\EWARM\heater Configuration\Obj
[2] = command line
[3] = dl7M_tlf.a
[4] = m7M_tl.a
[5] = rt7M_tl.a
[6] = shb_l.a

  25 104 bytes of readonly  code memory
   9 265 bytes of readonly  data memory
   2 442 bytes of readwrite data memory

Errors: 3
Warnings: none
